// Vitest Snapshot v1, https://vitest.dev/guide/snapshot.html

exports[`compilePieOption > matches snapshot for a representative context 1`] = `
{
  "animation": true,
  "animationDuration": 700,
  "animationDurationUpdate": 350,
  "animationEasing": "cubic-bezier(0.16,1,0.3,1)",
  "animationEasingUpdate": "cubic-bezier(0.16,1,0.3,1)",
  "animationThreshold": 4000,
  "backgroundColor": "transparent",
  "legend": undefined,
  "series": [
    {
      "animation": true,
      "animationDelay": [Function],
      "animationDuration": 700,
      "animationDurationUpdate": 0,
      "animationEasing": "cubic-bezier(0.16,1,0.3,1)",
      "animationEasingUpdate": "cubic-bezier(0.16,1,0.3,1)",
      "blur": {
        "itemStyle": {
          "opacity": 0.2,
        },
        "label": {
          "opacity": 0.2,
        },
      },
      "data": [
        {
          "__nq_datum": {
            "name": "a",
            "value": 1,
          },
          "__nq_seriesKey": "a",
          "itemStyle": {
            "color": "color(a,0)",
          },
          "name": "Slice A",
          "value": 1,
        },
        {
          "__nq_datum": {
            "name": "b",
            "value": 2,
          },
          "__nq_seriesKey": "b",
          "itemStyle": {
            "color": "color(b,0)",
          },
          "name": "b",
          "value": 2,
        },
      ],
      "emphasis": {
        "blurScope": "series",
        "disabled": true,
        "focus": "self",
        "itemStyle": {
          "opacity": 1,
        },
        "scale": false,
      },
      "label": {
        "color": "#737373",
        "fontSize": 12,
        "fontWeight": 400,
        "formatter": "{b}",
        "show": true,
      },
      "labelLine": {
        "length": 10,
        "length2": 8,
        "lineStyle": {
          "color": "#e5e5e5",
        },
        "show": true,
      },
      "radius": [
        0,
        "70%",
      ],
      "stateAnimation": {
        "duration": 0,
      },
      "type": "pie",
    },
  ],
  "textStyle": {
    "color": "#171717",
    "fontFamily": "'Inter Variable', ui-sans-serif, system-ui, -apple-system, 'Segoe UI', sans-serif",
    "fontSize": 12,
  },
  "tooltip": {
    "backgroundColor": "#ffffff",
    "borderColor": "#e5e5e5",
    "confine": true,
    "enterable": false,
    "position": [Function],
    "textStyle": {
      "color": "#171717",
    },
    "transitionDuration": 0,
    "trigger": "item",
  },
  "xAxis": undefined,
  "yAxis": undefined,
}
`;
